// Jest Snapshot v1, https://goo.gl/fbAQLP

exports[`calculateAestheticLinePath horizontal should return the expected path for line going down and left 1`] = `"M 500 200 C 250 200 250 0 0 0"`;

exports[`calculateAestheticLinePath horizontal should return the expected path for line going down and right 1`] = `"M 500 0 C 250 0 250 200 0 200"`;

exports[`calculateAestheticLinePath horizontal should return the expected path for line going up and left 1`] = `"M 0 200 C 250 200 250 0 500 0"`;

exports[`calculateAestheticLinePath horizontal should return the expected path for line going up and right 1`] = `"M 0 0 C 250 0 250 200 500 200"`;

exports[`calculateAestheticLinePath vertical should return the expected path for line going down and left 1`] = `"M 500 200 C 500 100 0 100 0 0"`;

exports[`calculateAestheticLinePath vertical should return the expected path for line going down and right 1`] = `"M 500 0 C 500 100 0 100 0 200"`;

exports[`calculateAestheticLinePath vertical should return the expected path for line going up and left 1`] = `"M 0 200 C 0 100 500 100 500 0"`;

exports[`calculateAestheticLinePath vertical should return the expected path for line going up and right 1`] = `"M 0 0 C 0 100 500 100 500 200"`;
